// Jest Snapshot v1, https://goo.gl/fbAQLP

exports[`<TenantView /> renders correctly 1`] = `
<thead
  className="MuiTableHead-root"
>
  <tr
    className="MuiTableRow-root MuiTableRow-head"
  >
    <th
      aria-sort={null}
      className="MuiTableCell-root MuiTableCell-head MuiTableCell-paddingCheckbox"
      scope="col"
    >
      <span
        aria-disabled={false}
        className="MuiButtonBase-root MuiIconButton-root PrivateSwitchBase-root-25 MuiCheckbox-root MuiCheckbox-colorSecondary MuiIconButton-colorSecondary"
        onBlur={[Function]}
        onDragLeave={[Function]}
        onFocus={[Function]}
        onKeyDown={[Function]}
        onKeyUp={[Function]}
        onMouseDown={[Function]}
        onMouseLeave={[Function]}
        onMouseUp={[Function]}
        onTouchEnd={[Function]}
        onTouchMove={[Function]}
        onTouchStart={[Function]}
        tabIndex={null}
      >
        <span
          className="MuiIconButton-label"
        >
          <input
            checked={false}
            className="PrivateSwitchBase-input-28"
            data-indeterminate={false}
            onChange={[Function]}
            type="checkbox"
          />
          <svg
            aria-hidden="true"
            className="MuiSvgIcon-root"
            focusable="false"
            viewBox="0 0 24 24"
          >
            <path
              d="M19 5v14H5V5h14m0-2H5c-1.1 0-2 .9-2 2v14c0 1.1.9 2 2 2h14c1.1 0 2-.9 2-2V5c0-1.1-.9-2-2-2z"
            />
          </svg>
        </span>
      </span>
    </th>
    <th
      aria-sort={null}
      className="MuiTableCell-root MuiTableCell-head"
      scope="col"
    >
      Name
    </th>
  </tr>
</thead>
`;
